NAME                           READY   STATUS    RESTARTS   AGE   VERSION
app-rolling-86d7d44d5b-7vs9k   1/1     Running   0          24s   v1
app-rolling-86d7d44d5b-8nddh   1/1     Running   0          17s   v1
app-rolling-86d7d44d5b-qvt82   1/1     Running   0          30s   v1
app-rolling-86d7d44d5b-xl27n   1/1     Running   0          10s   v1
app-rolling-56bff6d88c-s9q4c   0/1     Pending   0          0s    v2
app-rolling-56bff6d88c-s9q4c   0/1     Pending   0          0s    v2
app-rolling-56bff6d88c-s9q4c   0/1     ContainerCreating   0          0s    v2
app-rolling-56bff6d88c-s9q4c   0/1     ContainerCreating   0          1s    v2
app-rolling-56bff6d88c-s9q4c   0/1     Running             0          1s    v2
app-rolling-56bff6d88c-s9q4c   1/1     Running             0          6s    v2
app-rolling-56bff6d88c-s9q4c   1/1     Running             0          6s    v2
app-rolling-86d7d44d5b-xl27n   1/1     Terminating         0          19s   v1
app-rolling-86d7d44d5b-xl27n   1/1     Terminating         0          19s   v1
app-rolling-56bff6d88c-r76n4   0/1     Pending             0          0s    v2
app-rolling-56bff6d88c-r76n4   0/1     Pending             0          0s    v2
app-rolling-56bff6d88c-r76n4   0/1     ContainerCreating   0          0s    v2
app-rolling-86d7d44d5b-xl27n   0/1     Completed           0          20s   v1
app-rolling-86d7d44d5b-xl27n   0/1     Completed           0          21s   v1
app-rolling-86d7d44d5b-xl27n   0/1     Completed           0          21s   v1
app-rolling-86d7d44d5b-xl27n   0/1     Completed           0          21s   v1
app-rolling-56bff6d88c-r76n4   0/1     ContainerCreating   0          2s    v2
app-rolling-56bff6d88c-r76n4   0/1     Running             0          3s    v2
app-rolling-56bff6d88c-r76n4   1/1     Running             0          9s    v2
app-rolling-86d7d44d5b-8nddh   1/1     Terminating         0          35s   v1
app-rolling-86d7d44d5b-8nddh   1/1     Terminating         0          35s   v1
app-rolling-56bff6d88c-vjfl9   0/1     Pending             0          0s    v2
app-rolling-56bff6d88c-vjfl9   0/1     Pending             0          0s    v2
app-rolling-56bff6d88c-vjfl9   0/1     ContainerCreating   0          0s    v2
app-rolling-86d7d44d5b-8nddh   0/1     Completed           0          35s   v1
app-rolling-56bff6d88c-vjfl9   0/1     ContainerCreating   0          0s    v2
app-rolling-86d7d44d5b-8nddh   0/1     Completed           0          36s   v1
app-rolling-86d7d44d5b-8nddh   0/1     Completed           0          36s   v1
app-rolling-56bff6d88c-vjfl9   0/1     Running             0          1s    v2
app-rolling-56bff6d88c-vjfl9   1/1     Running             0          7s    v2
app-rolling-56bff6d88c-vjfl9   1/1     Running             0          7s    v2
app-rolling-86d7d44d5b-qvt82   1/1     Terminating         0          55s   v1
app-rolling-56bff6d88c-gpl9n   0/1     Pending             0          0s    v2
app-rolling-86d7d44d5b-qvt82   1/1     Terminating         0          55s   v1
app-rolling-56bff6d88c-gpl9n   0/1     Pending             0          0s    v2
app-rolling-56bff6d88c-gpl9n   0/1     ContainerCreating   0          0s    v2
app-rolling-86d7d44d5b-qvt82   0/1     Completed           0          55s   v1
app-rolling-56bff6d88c-gpl9n   0/1     ContainerCreating   0          1s    v2
app-rolling-86d7d44d5b-qvt82   0/1     Completed           0          56s   v1
app-rolling-86d7d44d5b-qvt82   0/1     Completed           0          56s   v1
app-rolling-56bff6d88c-gpl9n   0/1     Running             0          1s    v2
app-rolling-56bff6d88c-gpl9n   1/1     Running             0          7s    v2
app-rolling-56bff6d88c-gpl9n   1/1     Running             0          7s    v2
app-rolling-86d7d44d5b-7vs9k   1/1     Terminating         0          56s   v1
app-rolling-86d7d44d5b-7vs9k   1/1     Terminating         0          56s   v1
app-rolling-86d7d44d5b-7vs9k   0/1     Completed           0          56s   v1
app-rolling-86d7d44d5b-7vs9k   0/1     Completed           0          57s   v1
app-rolling-86d7d44d5b-7vs9k   0/1     Completed           0          57s   v1
