===================================================================
 STAGE 1: Build        (source: session17-devsecops, image: s17-devsecops:2de0642)
===================================================================
compileall: all modules byte-compiled OK
import check OK: app.app - routes: 8
[STAGE 1: Build] SUCCESS
===================================================================
 STAGE 2: Unit Test        (source: session17-devsecops, image: s17-devsecops:2de0642)
===================================================================
============================= test session starts ==============================
platform darwin -- Python 3.11.7, pytest-8.4.2, pluggy-1.6.0 -- /tmp/s17-pipeline-venv/bin/python3
cachedir: .pytest_cache
rootdir: /Users/poorav/Devops/DevopsSubmssion /session17-devsecops
configfile: pytest.ini
testpaths: tests
plugins: platformdirs-4.12.3, cov-7.0.0
collecting ... collected 8 items

tests/test_app.py::test_home PASSED                                      [ 12%]
tests/test_app.py::test_health PASSED                                    [ 25%]
tests/test_app.py::test_greet PASSED                                     [ 37%]
tests/test_app.py::test_add_numbers PASSED                               [ 50%]
tests/test_app.py::test_add_numbers_missing_fields PASSED                [ 62%]
tests/test_app.py::test_calculator_multiply PASSED                       [ 75%]
tests/test_app.py::test_calculator_divide_by_zero PASSED                 [ 87%]
tests/test_app.py::test_status PASSED                                    [100%]

- generated xml file: /Users/poorav/Devops/DevopsSubmssion /session17-devsecops/reports/junit.xml -
================================ tests coverage ================================
_______________ coverage: platform darwin, python 3.11.7-final-0 _______________

Name              Stmts   Miss  Cover
-------------------------------------
app/__init__.py       0      0   100%
app/app.py          102     32    69%
-------------------------------------
TOTAL               102     32    69%
============================== 8 passed in 0.36s ===============================
[STAGE 2: Unit Test] SUCCESS
===================================================================
 STAGE 3: SAST        (source: session17-devsecops, image: s17-devsecops:2de0642)
===================================================================
--- bandit (Python SAST) ---
LOW    B311 app/app.py:79  Standard pseudo-random generators are not suitable for security/cryptographic purposes.
LOW    B311 app/app.py:190  Standard pseudo-random generators are not suitable for security/cryptographic purposes.
LOW    B311 app/app.py:192  Standard pseudo-random generators are not suitable for security/cryptographic purposes.
LOW    B311 app/app.py:196  Standard pseudo-random generators are not suitable for security/cryptographic purposes.
LOW    B311 app/app.py:207  Standard pseudo-random generators are not suitable for security/cryptographic purposes.
bandit totals: HIGH=0 MEDIUM=0 LOW=5
--- semgrep (p/python community rules + security/semgrep.yml custom rules) ---
semgrep findings: 0 (ERROR=0)
--- hadolint (Dockerfile lint, informational) ---
Dockerfile:15 DL3013 [1m[93mwarning[0m: Pin versions in pip. Instead of `pip install <package>` use `pip install <package>==<version>` or `pip install --requirement <requirements file>`
Dockerfile:23 DL3025 [1m[93mwarning[0m: Use arguments JSON notation for CMD and ENTRYPOINT arguments
hadolint: done
[STAGE 3: SAST] SUCCESS
===================================================================
 STAGE 4: SCA        (source: session17-devsecops, image: s17-devsecops:2de0642)
===================================================================
--- pip-audit (PyPI advisory DB / OSV) ---
No known vulnerabilities found
--- trivy fs (dependency manifests, HIGH/CRITICAL, fixable) ---

Report Summary

┌──────────────────┬──────┬─────────────────┐
│      Target      │ Type │ Vulnerabilities │
├──────────────────┼──────┼─────────────────┤
│ requirements.txt │ pip  │        0        │
└──────────────────┴──────┴─────────────────┘
Legend:
- '-': Not scanned
- '0': Clean (no security findings detected)

[STAGE 4: SCA] SUCCESS
===================================================================
 STAGE 5: Secret Scan        (source: session17-devsecops, image: s17-devsecops:2de0642)
===================================================================
--- gitleaks (default rules + security/gitleaks.toml) ---
[90m12:28AM[0m [32mINF[0m [1mscanned ~79838 bytes (79.84 KB) in 16.2ms[0m
[90m12:28AM[0m [32mINF[0m [1mno leaks found[0m
gitleaks findings: 0
[STAGE 5: Secret Scan] SUCCESS
===================================================================
 STAGE 6: Docker Build        (source: session17-devsecops, image: s17-devsecops:2de0642)
===================================================================
#1 [internal] load build definition from Dockerfile
#1 DONE 0.0s
#2 [internal] load metadata for docker.io/library/python:3.12-slim
#2 DONE 2.0s
#3 [internal] load .dockerignore
#3 DONE 0.0s
#4 [1/7] FROM docker.io/library/python:3.12-slim@sha256:05cda9777409a9c3ffddd94a4c476b79f0769a0b4857f0c7ed9226b6800b0d6f
#4 DONE 0.0s
#5 [2/7] WORKDIR /app
#6 [internal] load build context
#6 DONE 0.0s
#7 [3/7] RUN apt-get update && apt-get upgrade -y --no-install-recommends && rm -rf /var/lib/apt/lists/*
#7 DONE 6.8s
#8 [4/7] COPY requirements.txt .
#8 DONE 0.1s
#9 [5/7] RUN pip install --upgrade pip && pip install -r requirements.txt
#9 DONE 8.7s
#10 [6/7] COPY app ./app
#10 DONE 0.0s
#11 [7/7] RUN useradd --uid 10001 --no-create-home --shell /usr/sbin/nologin appuser
#11 DONE 0.3s
#12 naming to docker.io/library/s17-devsecops:2de0642 done
#12 DONE 0.2s
IMAGE                   ID             DISK USAGE   CONTENT SIZE   EXTRA
s17-devsecops:2de0642   cf8e3becec4a        162MB             0B        
[STAGE 6: Docker Build] SUCCESS
===================================================================
 STAGE 7: Container Image Scan        (source: session17-devsecops, image: s17-devsecops:2de0642)
===================================================================
--- trivy image (OS packages + Python packages in the image) ---

Report Summary

┌──────────────────────────────────────────────────────────────────────────────┬────────────┬─────────────────┐
│                                    Target                                    │    Type    │ Vulnerabilities │
├──────────────────────────────────────────────────────────────────────────────┼────────────┼─────────────────┤
│ s17-devsecops:2de0642 (debian 13.7)                                          │   debian   │        0        │
├──────────────────────────────────────────────────────────────────────────────┼────────────┼─────────────────┤
│ Python                                                                       │ python-pkg │        4        │
├──────────────────────────────────────────────────────────────────────────────┼────────────┼─────────────────┤
│ usr/local/lib/python3.12/site-packages/blinker-1.9.0.dist-info/METADATA      │ python-pkg │        0        │
├──────────────────────────────────────────────────────────────────────────────┼────────────┼─────────────────┤
│ usr/local/lib/python3.12/site-packages/click-8.5.0.dist-info/METADATA        │ python-pkg │        0        │
├──────────────────────────────────────────────────────────────────────────────┼────────────┼─────────────────┤
│ usr/local/lib/python3.12/site-packages/flask-3.1.3.dist-info/METADATA        │ python-pkg │        0        │
├──────────────────────────────────────────────────────────────────────────────┼────────────┼─────────────────┤
│ usr/local/lib/python3.12/site-packages/gunicorn-23.0.0.dist-info/METADATA    │ python-pkg │        0        │
├──────────────────────────────────────────────────────────────────────────────┼────────────┼─────────────────┤
│ usr/local/lib/python3.12/site-packages/itsdangerous-2.2.0.dist-info/METADATA │ python-pkg │        0        │
├──────────────────────────────────────────────────────────────────────────────┼────────────┼─────────────────┤
│ usr/local/lib/python3.12/site-packages/jinja2-3.1.6.dist-info/METADATA       │ python-pkg │        0        │
├──────────────────────────────────────────────────────────────────────────────┼────────────┼─────────────────┤
│ usr/local/lib/python3.12/site-packages/markupsafe-3.0.4.dist-info/METADATA   │ python-pkg │        0        │
├──────────────────────────────────────────────────────────────────────────────┼────────────┼─────────────────┤
│ usr/local/lib/python3.12/site-packages/packaging-26.3.dist-info/METADATA     │ python-pkg │        0        │
├──────────────────────────────────────────────────────────────────────────────┼────────────┼─────────────────┤
│ usr/local/lib/python3.12/site-packages/pip-26.2.1.dist-info/METADATA         │ python-pkg │        0        │
├──────────────────────────────────────────────────────────────────────────────┼────────────┼─────────────────┤
│ usr/local/lib/python3.12/site-packages/werkzeug-3.1.9.dist-info/METADATA     │ python-pkg │        0        │
└──────────────────────────────────────────────────────────────────────────────┴────────────┴─────────────────┘
Legend:
- '-': Not scanned
- '0': Clean (no security findings detected)


Python (python-pkg)
===================
Total: 4 (HIGH: 4, CRITICAL: 0)

┌────────────┬─────────────────────┬──────────┬────────┬───────────────────┬───────────────┬────────────────────────────────────────────────────────────┐
│  Library   │    Vulnerability    │ Severity │ Status │ Installed Version │ Fixed Version │                           Title                            │
├────────────┼─────────────────────┼──────────┼────────┼───────────────────┼───────────────┼────────────────────────────────────────────────────────────┤
│ msgpack    │ GHSA-6v7p-g79w-8964 │ HIGH     │ fixed  │ 1.1.2             │ 1.2.1         │ MessagePack for Python: Out-of-bounds read / crash on      │
│            │                     │          │        │                   │               │ Unpacker reuse after a...                                  │
│            │                     │          │        │                   │               │ https://github.com/advisories/GHSA-6v7p-g79w-8964          │
[STAGE 7: Container Image Scan] SUCCESS
===================================================================
 STAGE 8: Security Gate        (source: session17-devsecops, image: s17-devsecops:2de0642)
===================================================================
========================================================================
STAGE    CHECK                           FOUND   MAX   RESULT
------------------------------------------------------------------------
SAST     bandit HIGH severity                0     0   PASS
SAST     semgrep ERROR findings              0     0   PASS
SCA      pip-audit vulnerable deps           0     0   PASS
SCA      trivy fs HIGH/CRITICAL              0     0   PASS
SECRETS  gitleaks leaked secrets             0     0   PASS
IMAGE    trivy image CRITICAL                0     0   PASS
IMAGE    trivy image HIGH                    4     0   FAIL
------------------------------------------------------------------------
SECURITY GATE: FAILED (1 check(s) over threshold) - image will NOT be pushed or deployed
[STAGE 8: Security Gate] FAILED (exit 1)
PIPELINE STOPPED at stage 8 (Security Gate)
