===================================================================
 STAGE 6: Docker Build        (source: session17-devsecops, image: s17-devsecops:ac578a1)
===================================================================
#1 [internal] load build definition from Dockerfile
#1 DONE 0.0s
#2 [internal] load metadata for docker.io/library/python:3.12-slim
#2 DONE 1.3s
#3 [internal] load .dockerignore
#3 DONE 0.0s
#4 [builder 1/4] FROM docker.io/library/python:3.12-slim@sha256:05cda9777409a9c3ffddd94a4c476b79f0769a0b4857f0c7ed9226b6800b0d6f
#4 DONE 0.0s
#5 [internal] load build context
#5 DONE 0.0s
#6 [builder 2/4] WORKDIR /build
#7 [builder 4/4] RUN pip install --prefix=/install -r requirements.txt
#8 [stage-1 3/5] COPY --from=builder /install /usr/local
#9 [builder 3/4] COPY requirements.txt .
#10 [stage-1 2/5] RUN apt-get update && apt-get upgrade -y --no-install-recommends && rm -rf /var/lib/apt/lists/*     && rm -rf /usr/local/lib/python3.12/site-packages/pip* /usr/local/lib/python3.12/ensurepip /usr/local/bin/pip*     && useradd --uid 10001 --no-create-home --shell /usr/sbin/nologin appuser
#11 [stage-1 4/5] WORKDIR /app
#12 [stage-1 5/5] COPY app ./app
#12 DONE 0.1s
#13 naming to docker.io/library/s17-devsecops:ac578a1 done
#13 DONE 0.0s
IMAGE                   ID             DISK USAGE   CONTENT SIZE   EXTRA
s17-devsecops:19d68a8   cb19acd0e370        154MB             0B        
s17-devsecops:2de0642   cf8e3becec4a        162MB             0B        
s17-devsecops:4f62b7e   681163912603        154MB             0B        
s17-devsecops:ac578a1   c1a84fb0a810        151MB             0B        
[STAGE 6: Docker Build] SUCCESS
